
> TraveLLM@2.0.0 build
> next build

тЦ▓ Next.js 16.1.6 (Turbopack)
- Environments: .env.local, .env

  Creating an optimized production build ...
тЬУ Compiled successfully in 16.4s
  Skipping validation of types
  Collecting page data using 11 workers ...
  Generating static pages using 11 workers (0/65) ...
  Generating static pages using 11 workers (16/65) 
  Generating static pages using 11 workers (32/65) 
  Generating static pages using 11 workers (48/65) 
тЬУ Generating static pages using 11 workers (65/65) in 758.6ms
  Finalizing page optimization ...

Route (app)
тФМ ╞Т /
тФЬ ╞Т /_not-found
тФЬ ╞Т /admin
тФЬ ╞Т /admin/feedback
тФЬ ╞Т /admin/health
тФЬ ╞Т /admin/images
тФЬ ╞Т /admin/settings
тФЬ ╞Т /admin/trips
тФЬ ╞Т /admin/users
тФЬ ╞Т /api/admin/ai-stats
тФЬ ╞Т /api/admin/image-cache
тФЬ ╞Т /api/admin/user-providers
тФЬ ╞Т /api/auth/[provider]
тФЬ ╞Т /api/auth/callback/[provider]
тФЬ ╞Т /api/budget-ai
тФЬ ╞Т /api/cron/daily-stats
тФЬ ╞Т /api/deepseek
тФЬ ╞Т /api/enrich-trip
тФЬ ╞Т /api/flights/prices
тФЬ ╞Т /api/gallery
тФЬ ╞Т /api/gemini
тФЬ ╞Т /api/geocode
тФЬ ╞Т /api/guide-chat
тФЬ ╞Т /api/iata
тФЬ ╞Т /api/image
тФЬ ╞Т /api/main-chat
тФЬ ╞Т /api/modify-itinerary
тФЬ ╞Т /api/nearby-poi
тФЬ ╞Т /api/proxy-image
тФЬ ╞Т /api/reviews
тФЬ ╞Т /api/search/travel
тФЬ ╞Т /api/social-layer
тФЬ ╞Т /api/telegram/setup-pr
тФЬ ╞Т /api/telegram/webhook
тФЬ ╞Т /api/telegram/webhook-pr
тФЬ ╞Т /api/telegram/webhook-support
тФЬ ╞Т /api/trip-assistant
тФЬ ╞Т /api/trip-assistant/activity-chat
тФЬ ╞Т /api/trip-assistant/normalize-points
тФЬ ╞Т /api/trip-diary
тФЬ ╞Т /api/trip-feedback
тФЬ ╞Т /api/trip-stats
тФЬ ╞Т /api/user/delete-account
тФЬ ╞Т /api/weather
тФЬ ╞Т /auth
тФЬ ╞Т /auth/auth-code-error
тФЬ ╞Т /auth/callback
тФЬ ╞Т /auth/verify-email
тФЬ ╞Т /beta-feedback
тФЬ ╞Т /blocked
тФЬ ╞Т /cookies
тФЬ ╞Т /dashboard
тФЬ ╞Т /guide
тФЬ ╞Т /newprofile
тФЬ ╞Т /onboarding
тФЬ ╞Т /plan
тФЬ ╞Т /privacy
тФЬ ╞Т /profile
тФЬ ╞Т /profile/[username]
тФЬ ╞Т /results
тФЬ ╞Т /robots.txt
тФЬ ╞Т /sitemap.xml
тФЬ ╞Т /support
тФЬ ╞Т /terms
тФЬ ╞Т /trip/[id]
тФЬ ╞Т /trip/completed
тФЬ ╞Т /trip/join/[code]
тФЬ ╞Т /trips
тФФ ╞Т /waitlist


╞Т Proxy (Middleware)

╞Т  (Dynamic)  server-rendered on demand

